创建ADB管理器实例...
生成ADB密钥: C:\Users\ZBC/.android/adbkey
ADB密钥加载成功

调用list_devices方法...
设备: AGQV023427000233, 状态: PERMISSION_ERROR (请以管理员权限运行命令，或检查USB驱动程序)

结果:
找到的设备数量: 1
设备: AGQV023427000233, 状态: PERMISSION_ERROR
